------------------------------------------------------------
TimeQuest Timing Analyzer Summary
------------------------------------------------------------

Type  : Slow 1100mV 85C Model Setup 'CLOCK_50'
Slack : -4.062
TNS   : -169.789

Type  : Slow 1100mV 85C Model Setup 'spi2dac:CONV|clk_1MHz'
Slack : -3.756
TNS   : -62.666

Type  : Slow 1100mV 85C Model Setup 'spi2adc:SPI_ADC|clk_1MHz'
Slack : -3.140
TNS   : -57.181

Type  : Slow 1100mV 85C Model Setup 'modulo_counter_16:TICKGEN|tick'
Slack : -2.704
TNS   : -38.814

Type  : Slow 1100mV 85C Model Hold 'CLOCK_50'
Slack : -2.630
TNS   : -26.754

Type  : Slow 1100mV 85C Model Hold 'spi2adc:SPI_ADC|clk_1MHz'
Slack : 0.176
TNS   : 0.000

Type  : Slow 1100mV 85C Model Hold 'spi2dac:CONV|clk_1MHz'
Slack : 0.292
TNS   : 0.000

Type  : Slow 1100mV 85C Model Hold 'modulo_counter_16:TICKGEN|tick'
Slack : 0.721
TNS   : 0.000

Type  : Slow 1100mV 85C Model Minimum Pulse Width 'modulo_counter_16:TICKGEN|tick'
Slack : -2.174
TNS   : -68.846

Type  : Slow 1100mV 85C Model Minimum Pulse Width 'CLOCK_50'
Slack : -0.673
TNS   : -49.952

Type  : Slow 1100mV 85C Model Minimum Pulse Width 'spi2adc:SPI_ADC|clk_1MHz'
Slack : -0.394
TNS   : -20.867

Type  : Slow 1100mV 85C Model Minimum Pulse Width 'spi2dac:CONV|clk_1MHz'
Slack : -0.394
TNS   : -11.015

Type  : Slow 1100mV 0C Model Setup 'spi2dac:CONV|clk_1MHz'
Slack : -3.861
TNS   : -63.765

Type  : Slow 1100mV 0C Model Setup 'CLOCK_50'
Slack : -3.764
TNS   : -160.579

Type  : Slow 1100mV 0C Model Setup 'spi2adc:SPI_ADC|clk_1MHz'
Slack : -3.254
TNS   : -55.789

Type  : Slow 1100mV 0C Model Setup 'modulo_counter_16:TICKGEN|tick'
Slack : -2.777
TNS   : -39.781

Type  : Slow 1100mV 0C Model Hold 'CLOCK_50'
Slack : -2.765
TNS   : -28.401

Type  : Slow 1100mV 0C Model Hold 'spi2adc:SPI_ADC|clk_1MHz'
Slack : 0.209
TNS   : 0.000

Type  : Slow 1100mV 0C Model Hold 'spi2dac:CONV|clk_1MHz'
Slack : 0.338
TNS   : 0.000

Type  : Slow 1100mV 0C Model Hold 'modulo_counter_16:TICKGEN|tick'
Slack : 0.751
TNS   : 0.000

Type  : Slow 1100mV 0C Model Minimum Pulse Width 'modulo_counter_16:TICKGEN|tick'
Slack : -2.174
TNS   : -68.647

Type  : Slow 1100mV 0C Model Minimum Pulse Width 'CLOCK_50'
Slack : -0.715
TNS   : -46.068

Type  : Slow 1100mV 0C Model Minimum Pulse Width 'spi2adc:SPI_ADC|clk_1MHz'
Slack : -0.394
TNS   : -20.389

Type  : Slow 1100mV 0C Model Minimum Pulse Width 'spi2dac:CONV|clk_1MHz'
Slack : -0.394
TNS   : -10.820

Type  : Fast 1100mV 85C Model Setup 'CLOCK_50'
Slack : -2.823
TNS   : -99.738

Type  : Fast 1100mV 85C Model Setup 'spi2dac:CONV|clk_1MHz'
Slack : -1.851
TNS   : -28.977

Type  : Fast 1100mV 85C Model Setup 'spi2adc:SPI_ADC|clk_1MHz'
Slack : -1.419
TNS   : -28.166

Type  : Fast 1100mV 85C Model Setup 'modulo_counter_16:TICKGEN|tick'
Slack : -1.018
TNS   : -14.115

Type  : Fast 1100mV 85C Model Hold 'CLOCK_50'
Slack : -1.583
TNS   : -15.270

Type  : Fast 1100mV 85C Model Hold 'spi2dac:CONV|clk_1MHz'
Slack : 0.111
TNS   : 0.000

Type  : Fast 1100mV 85C Model Hold 'spi2adc:SPI_ADC|clk_1MHz'
Slack : 0.186
TNS   : 0.000

Type  : Fast 1100mV 85C Model Hold 'modulo_counter_16:TICKGEN|tick'
Slack : 0.435
TNS   : 0.000

Type  : Fast 1100mV 85C Model Minimum Pulse Width 'modulo_counter_16:TICKGEN|tick'
Slack : -2.174
TNS   : -68.762

Type  : Fast 1100mV 85C Model Minimum Pulse Width 'CLOCK_50'
Slack : -0.799
TNS   : -34.712

Type  : Fast 1100mV 85C Model Minimum Pulse Width 'spi2dac:CONV|clk_1MHz'
Slack : 0.049
TNS   : 0.000

Type  : Fast 1100mV 85C Model Minimum Pulse Width 'spi2adc:SPI_ADC|clk_1MHz'
Slack : 0.056
TNS   : 0.000

Type  : Fast 1100mV 0C Model Setup 'CLOCK_50'
Slack : -2.292
TNS   : -81.191

Type  : Fast 1100mV 0C Model Setup 'spi2dac:CONV|clk_1MHz'
Slack : -1.739
TNS   : -27.304

Type  : Fast 1100mV 0C Model Setup 'spi2adc:SPI_ADC|clk_1MHz'
Slack : -1.379
TNS   : -24.961

Type  : Fast 1100mV 0C Model Setup 'modulo_counter_16:TICKGEN|tick'
Slack : -0.987
TNS   : -13.624

Type  : Fast 1100mV 0C Model Hold 'CLOCK_50'
Slack : -1.602
TNS   : -15.872

Type  : Fast 1100mV 0C Model Hold 'spi2dac:CONV|clk_1MHz'
Slack : 0.097
TNS   : 0.000

Type  : Fast 1100mV 0C Model Hold 'spi2adc:SPI_ADC|clk_1MHz'
Slack : 0.179
TNS   : 0.000

Type  : Fast 1100mV 0C Model Hold 'modulo_counter_16:TICKGEN|tick'
Slack : 0.429
TNS   : 0.000

Type  : Fast 1100mV 0C Model Minimum Pulse Width 'modulo_counter_16:TICKGEN|tick'
Slack : -2.174
TNS   : -68.508

Type  : Fast 1100mV 0C Model Minimum Pulse Width 'CLOCK_50'
Slack : -0.837
TNS   : -41.254

Type  : Fast 1100mV 0C Model Minimum Pulse Width 'spi2dac:CONV|clk_1MHz'
Slack : 0.076
TNS   : 0.000

Type  : Fast 1100mV 0C Model Minimum Pulse Width 'spi2adc:SPI_ADC|clk_1MHz'
Slack : 0.081
TNS   : 0.000

------------------------------------------------------------
