------------------------------------------------------------
TimeQuest Timing Analyzer Summary
------------------------------------------------------------

Type  : Slow 1100mV 85C Model Setup 'CLOCK_50'
Slack : -8.398
TNS   : -1423.745

Type  : Slow 1100mV 85C Model Setup 'spi2dac:SPI_DAC|clk_1MHz'
Slack : -3.533
TNS   : -63.402

Type  : Slow 1100mV 85C Model Setup 'spi2adc:SPI_ADC|clk_1MHz'
Slack : -2.986
TNS   : -53.194

Type  : Slow 1100mV 85C Model Hold 'spi2dac:SPI_DAC|clk_1MHz'
Slack : 0.291
TNS   : 0.000

Type  : Slow 1100mV 85C Model Hold 'spi2adc:SPI_ADC|clk_1MHz'
Slack : 0.346
TNS   : 0.000

Type  : Slow 1100mV 85C Model Hold 'CLOCK_50'
Slack : 0.372
TNS   : 0.000

Type  : Slow 1100mV 85C Model Minimum Pulse Width 'CLOCK_50'
Slack : -2.174
TNS   : -1432.237

Type  : Slow 1100mV 85C Model Minimum Pulse Width 'spi2adc:SPI_ADC|clk_1MHz'
Slack : -0.394
TNS   : -18.635

Type  : Slow 1100mV 85C Model Minimum Pulse Width 'spi2dac:SPI_DAC|clk_1MHz'
Slack : -0.394
TNS   : -14.043

Type  : Slow 1100mV 0C Model Setup 'CLOCK_50'
Slack : -7.942
TNS   : -1325.935

Type  : Slow 1100mV 0C Model Setup 'spi2dac:SPI_DAC|clk_1MHz'
Slack : -3.627
TNS   : -65.351

Type  : Slow 1100mV 0C Model Setup 'spi2adc:SPI_ADC|clk_1MHz'
Slack : -3.125
TNS   : -51.654

Type  : Slow 1100mV 0C Model Hold 'CLOCK_50'
Slack : 0.174
TNS   : 0.000

Type  : Slow 1100mV 0C Model Hold 'spi2dac:SPI_DAC|clk_1MHz'
Slack : 0.304
TNS   : 0.000

Type  : Slow 1100mV 0C Model Hold 'spi2adc:SPI_ADC|clk_1MHz'
Slack : 0.347
TNS   : 0.000

Type  : Slow 1100mV 0C Model Minimum Pulse Width 'CLOCK_50'
Slack : -2.174
TNS   : -1420.608

Type  : Slow 1100mV 0C Model Minimum Pulse Width 'spi2adc:SPI_ADC|clk_1MHz'
Slack : -0.394
TNS   : -18.416

Type  : Slow 1100mV 0C Model Minimum Pulse Width 'spi2dac:SPI_DAC|clk_1MHz'
Slack : -0.394
TNS   : -13.870

Type  : Fast 1100mV 85C Model Setup 'CLOCK_50'
Slack : -5.577
TNS   : -807.587

Type  : Fast 1100mV 85C Model Setup 'spi2dac:SPI_DAC|clk_1MHz'
Slack : -1.538
TNS   : -27.072

Type  : Fast 1100mV 85C Model Setup 'spi2adc:SPI_ADC|clk_1MHz'
Slack : -1.331
TNS   : -25.674

Type  : Fast 1100mV 85C Model Hold 'spi2dac:SPI_DAC|clk_1MHz'
Slack : 0.071
TNS   : 0.000

Type  : Fast 1100mV 85C Model Hold 'CLOCK_50'
Slack : 0.181
TNS   : 0.000

Type  : Fast 1100mV 85C Model Hold 'spi2adc:SPI_ADC|clk_1MHz'
Slack : 0.259
TNS   : 0.000

Type  : Fast 1100mV 85C Model Minimum Pulse Width 'CLOCK_50'
Slack : -2.174
TNS   : -1423.158

Type  : Fast 1100mV 85C Model Minimum Pulse Width 'spi2dac:SPI_DAC|clk_1MHz'
Slack : -0.016
TNS   : -0.148

Type  : Fast 1100mV 85C Model Minimum Pulse Width 'spi2adc:SPI_ADC|clk_1MHz'
Slack : 0.069
TNS   : 0.000

Type  : Fast 1100mV 0C Model Setup 'CLOCK_50'
Slack : -4.671
TNS   : -644.159

Type  : Fast 1100mV 0C Model Setup 'spi2dac:SPI_DAC|clk_1MHz'
Slack : -1.502
TNS   : -26.016

Type  : Fast 1100mV 0C Model Setup 'spi2adc:SPI_ADC|clk_1MHz'
Slack : -1.296
TNS   : -23.350

Type  : Fast 1100mV 0C Model Hold 'spi2dac:SPI_DAC|clk_1MHz'
Slack : 0.068
TNS   : 0.000

Type  : Fast 1100mV 0C Model Hold 'CLOCK_50'
Slack : 0.171
TNS   : 0.000

Type  : Fast 1100mV 0C Model Hold 'spi2adc:SPI_ADC|clk_1MHz'
Slack : 0.263
TNS   : 0.000

Type  : Fast 1100mV 0C Model Minimum Pulse Width 'CLOCK_50'
Slack : -2.174
TNS   : -1456.443

Type  : Fast 1100mV 0C Model Minimum Pulse Width 'spi2dac:SPI_DAC|clk_1MHz'
Slack : 0.022
TNS   : 0.000

Type  : Fast 1100mV 0C Model Minimum Pulse Width 'spi2adc:SPI_ADC|clk_1MHz'
Slack : 0.087
TNS   : 0.000

------------------------------------------------------------
