Analysis & Synthesis report for ex7_top
Fri Nov 25 11:24:07 2016
Quartus Prime Version 16.0.0 Build 211 04/27/2016 SJ Standard Edition


---------------------
; Table of Contents ;
---------------------
  1. Legal Notice
  2. Analysis & Synthesis Summary
  3. Analysis & Synthesis Settings
  4. Parallel Compilation
  5. Analysis & Synthesis Source Files Read
  6. Analysis & Synthesis Resource Usage Summary
  7. Analysis & Synthesis Resource Utilization by Entity
  8. General Register Statistics
  9. Inverted Register Statistics
 10. Port Connectivity Checks: "bin2bcd_16:DCODER|add3_ge5:A31"
 11. Port Connectivity Checks: "bin2bcd_16:DCODER|add3_ge5:A19"
 12. Port Connectivity Checks: "bin2bcd_16:DCODER|add3_ge5:A10"
 13. Port Connectivity Checks: "bin2bcd_16:DCODER|add3_ge5:A4"
 14. Port Connectivity Checks: "bin2bcd_16:DCODER|add3_ge5:A1"
 15. Port Connectivity Checks: "bin2bcd_16:DCODER"
 16. Post-Synthesis Netlist Statistics for Top Partition
 17. Elapsed Time Per Partition
 18. Analysis & Synthesis Messages
 19. Analysis & Synthesis Suppressed Messages



----------------
; Legal Notice ;
----------------
Copyright (C) 1991-2016 Altera Corporation. All rights reserved.
Your use of Altera Corporation's design tools, logic functions 
and other software and tools, and its AMPP partner logic 
functions, and any output files from any of the foregoing 
(including device programming or simulation files), and any 
associated documentation or information are expressly subject 
to the terms and conditions of the Altera Program License 
Subscription Agreement, the Altera Quartus Prime License Agreement,
the Altera MegaCore Function License Agreement, or other 
applicable license agreement, including, without limitation, 
that your use is for the sole purpose of programming logic 
devices manufactured by Altera and sold by Altera or its 
authorized distributors.  Please refer to the applicable 
agreement for further details.



+-----------------------------------------------------------------------------------+
; Analysis & Synthesis Summary                                                      ;
+---------------------------------+-------------------------------------------------+
; Analysis & Synthesis Status     ; Successful - Fri Nov 25 11:24:07 2016           ;
; Quartus Prime Version           ; 16.0.0 Build 211 04/27/2016 SJ Standard Edition ;
; Revision Name                   ; ex7_top                                         ;
; Top-level Entity Name           ; ex7_top                                         ;
; Family                          ; Cyclone V                                       ;
; Logic utilization (in ALMs)     ; N/A                                             ;
; Total registers                 ; 7                                               ;
; Total pins                      ; 18                                              ;
; Total virtual pins              ; 0                                               ;
; Total block memory bits         ; 0                                               ;
; Total DSP Blocks                ; 0                                               ;
; Total HSSI RX PCSs              ; 0                                               ;
; Total HSSI PMA RX Deserializers ; 0                                               ;
; Total HSSI TX PCSs              ; 0                                               ;
; Total HSSI PMA TX Serializers   ; 0                                               ;
; Total PLLs                      ; 0                                               ;
; Total DLLs                      ; 0                                               ;
+---------------------------------+-------------------------------------------------+


+---------------------------------------------------------------------------------------------------------------------------+
; Analysis & Synthesis Settings                                                                                             ;
+---------------------------------------------------------------------------------+--------------------+--------------------+
; Option                                                                          ; Setting            ; Default Value      ;
+---------------------------------------------------------------------------------+--------------------+--------------------+
; Device                                                                          ; 5CSEMA5F31C6       ;                    ;
; Top-level entity name                                                           ; ex7_top            ; ex7_top            ;
; Family name                                                                     ; Cyclone V          ; Cyclone V          ;
; Use smart compilation                                                           ; Off                ; Off                ;
; Enable parallel Assembler and TimeQuest Timing Analyzer during compilation      ; On                 ; On                 ;
; Enable compact report table                                                     ; Off                ; Off                ;
; Restructure Multiplexers                                                        ; Auto               ; Auto               ;
; MLAB Add Timing Constraints For Mixed-Port Feed-Through Mode Setting Don't Care ; Off                ; Off                ;
; Create Debugging Nodes for IP Cores                                             ; Off                ; Off                ;
; Preserve fewer node names                                                       ; On                 ; On                 ;
; Disable OpenCore Plus hardware evaluation                                       ; Off                ; Off                ;
; Verilog Version                                                                 ; Verilog_2001       ; Verilog_2001       ;
; VHDL Version                                                                    ; VHDL_1993          ; VHDL_1993          ;
; State Machine Processing                                                        ; Auto               ; Auto               ;
; Safe State Machine                                                              ; Off                ; Off                ;
; Extract Verilog State Machines                                                  ; On                 ; On                 ;
; Extract VHDL State Machines                                                     ; On                 ; On                 ;
; Ignore Verilog initial constructs                                               ; Off                ; Off                ;
; Iteration limit for constant Verilog loops                                      ; 5000               ; 5000               ;
; Iteration limit for non-constant Verilog loops                                  ; 250                ; 250                ;
; Add Pass-Through Logic to Inferred RAMs                                         ; On                 ; On                 ;
; Infer RAMs from Raw Logic                                                       ; On                 ; On                 ;
; Parallel Synthesis                                                              ; On                 ; On                 ;
; DSP Block Balancing                                                             ; Auto               ; Auto               ;
; NOT Gate Push-Back                                                              ; On                 ; On                 ;
; Power-Up Don't Care                                                             ; On                 ; On                 ;
; Remove Redundant Logic Cells                                                    ; Off                ; Off                ;
; Remove Duplicate Registers                                                      ; On                 ; On                 ;
; Ignore CARRY Buffers                                                            ; Off                ; Off                ;
; Ignore CASCADE Buffers                                                          ; Off                ; Off                ;
; Ignore GLOBAL Buffers                                                           ; Off                ; Off                ;
; Ignore ROW GLOBAL Buffers                                                       ; Off                ; Off                ;
; Ignore LCELL Buffers                                                            ; Off                ; Off                ;
; Ignore SOFT Buffers                                                             ; On                 ; On                 ;
; Limit AHDL Integers to 32 Bits                                                  ; Off                ; Off                ;
; Optimization Technique                                                          ; Balanced           ; Balanced           ;
; Carry Chain Length                                                              ; 70                 ; 70                 ;
; Auto Carry Chains                                                               ; On                 ; On                 ;
; Auto Open-Drain Pins                                                            ; On                 ; On                 ;
; Perform WYSIWYG Primitive Resynthesis                                           ; Off                ; Off                ;
; Auto ROM Replacement                                                            ; On                 ; On                 ;
; Auto RAM Replacement                                                            ; On                 ; On                 ;
; Auto DSP Block Replacement                                                      ; On                 ; On                 ;
; Auto Shift Register Replacement                                                 ; Auto               ; Auto               ;
; Allow Shift Register Merging across Hierarchies                                 ; Auto               ; Auto               ;
; Auto Clock Enable Replacement                                                   ; On                 ; On                 ;
; Strict RAM Replacement                                                          ; Off                ; Off                ;
; Allow Synchronous Control Signals                                               ; On                 ; On                 ;
; Force Use of Synchronous Clear Signals                                          ; Off                ; Off                ;
; Auto Resource Sharing                                                           ; Off                ; Off                ;
; Allow Any RAM Size For Recognition                                              ; Off                ; Off                ;
; Allow Any ROM Size For Recognition                                              ; Off                ; Off                ;
; Allow Any Shift Register Size For Recognition                                   ; Off                ; Off                ;
; Use LogicLock Constraints during Resource Balancing                             ; On                 ; On                 ;
; Ignore translate_off and synthesis_off directives                               ; Off                ; Off                ;
; Timing-Driven Synthesis                                                         ; On                 ; On                 ;
; Report Parameter Settings                                                       ; On                 ; On                 ;
; Report Source Assignments                                                       ; On                 ; On                 ;
; Report Connectivity Checks                                                      ; On                 ; On                 ;
; Ignore Maximum Fan-Out Assignments                                              ; Off                ; Off                ;
; Synchronization Register Chain Length                                           ; 3                  ; 3                  ;
; PowerPlay Power Optimization During Synthesis                                   ; Normal compilation ; Normal compilation ;
; HDL message level                                                               ; Level2             ; Level2             ;
; Suppress Register Optimization Related Messages                                 ; Off                ; Off                ;
; Number of Removed Registers Reported in Synthesis Report                        ; 5000               ; 5000               ;
; Number of Swept Nodes Reported in Synthesis Report                              ; 5000               ; 5000               ;
; Number of Inverted Registers Reported in Synthesis Report                       ; 100                ; 100                ;
; Clock MUX Protection                                                            ; On                 ; On                 ;
; Auto Gated Clock Conversion                                                     ; Off                ; Off                ;
; Block Design Naming                                                             ; Auto               ; Auto               ;
; SDC constraint protection                                                       ; Off                ; Off                ;
; Synthesis Effort                                                                ; Auto               ; Auto               ;
; Shift Register Replacement - Allow Asynchronous Clear Signal                    ; On                 ; On                 ;
; Pre-Mapping Resynthesis Optimization                                            ; Off                ; Off                ;
; Analysis & Synthesis Message Level                                              ; Medium             ; Medium             ;
; Disable Register Merging Across Hierarchies                                     ; Auto               ; Auto               ;
; Resource Aware Inference For Block RAM                                          ; On                 ; On                 ;
; Synthesis Seed                                                                  ; 1                  ; 1                  ;
; Automatic Parallel Synthesis                                                    ; On                 ; On                 ;
; Partial Reconfiguration Bitstream ID                                            ; Off                ; Off                ;
+---------------------------------------------------------------------------------+--------------------+--------------------+


+------------------------------------------+
; Parallel Compilation                     ;
+----------------------------+-------------+
; Processors                 ; Number      ;
+----------------------------+-------------+
; Number detected on machine ; 8           ;
; Maximum allowed            ; 4           ;
;                            ;             ;
; Average used               ; 1.00        ;
; Maximum used               ; 4           ;
;                            ;             ;
; Usage by Processor         ; % Time Used ;
;     Processor 1            ; 100.0%      ;
;     Processors 2-4         ;   0.0%      ;
+----------------------------+-------------+


+-------------------------------------------------------------------------------------------------------------------------------------------------------+
; Analysis & Synthesis Source Files Read                                                                                                                ;
+----------------------------------+-----------------+------------------------+---------------------------------------------------------------+---------+
; File Name with User-Entered Path ; Used in Netlist ; File Type              ; File Name with Absolute Path                                  ; Library ;
+----------------------------------+-----------------+------------------------+---------------------------------------------------------------+---------+
; ../mylib/hex_to_7seg.v           ; yes             ; User Verilog HDL File  ; C:/Users/gsp14/Documents/VERI_EIE2/part_2/mylib/hex_to_7seg.v ;         ;
; ../mylib/bin2bcd_16.v            ; yes             ; User Verilog HDL File  ; C:/Users/gsp14/Documents/VERI_EIE2/part_2/mylib/bin2bcd_16.v  ;         ;
; ../mylib/add3_ge5.v              ; yes             ; User Verilog HDL File  ; C:/Users/gsp14/Documents/VERI_EIE2/part_2/mylib/add3_ge5.v    ;         ;
; ex7_top.v                        ; yes             ; User Verilog HDL File  ; C:/Users/gsp14/Documents/VERI_EIE2/part_2/ex_7/ex7_top.v      ;         ;
; lfsr7.v                          ; yes             ; User Verilog HDL File  ; C:/Users/gsp14/Documents/VERI_EIE2/part_2/ex_7/lfsr7.v        ;         ;
+----------------------------------+-----------------+------------------------+---------------------------------------------------------------+---------+


+--------------------------------------------------------------------+
; Analysis & Synthesis Resource Usage Summary                        ;
+---------------------------------------------+----------------------+
; Resource                                    ; Usage                ;
+---------------------------------------------+----------------------+
; Estimate of Logic utilization (ALMs needed) ; 19                   ;
;                                             ;                      ;
; Combinational ALUT usage for logic          ; 35                   ;
;     -- 7 input functions                    ; 0                    ;
;     -- 6 input functions                    ; 2                    ;
;     -- 5 input functions                    ; 1                    ;
;     -- 4 input functions                    ; 28                   ;
;     -- <=3 input functions                  ; 4                    ;
;                                             ;                      ;
; Dedicated logic registers                   ; 7                    ;
;                                             ;                      ;
; I/O pins                                    ; 18                   ;
;                                             ;                      ;
; Total DSP Blocks                            ; 0                    ;
;                                             ;                      ;
; Maximum fan-out node                        ; lfsr7:SEQGEN|sreg[0] ;
; Maximum fan-out                             ; 9                    ;
; Total fan-out                               ; 183                  ;
; Average fan-out                             ; 2.35                 ;
+---------------------------------------------+----------------------+


+---------------------------------------------------------------------------------------------------------------------------------------------------------------------------------------------+
; Analysis & Synthesis Resource Utilization by Entity                                                                                                                                         ;
+----------------------------+-------------------+--------------+-------------------+------------+------+--------------+-----------------------------------------+-------------+--------------+
; Compilation Hierarchy Node ; LC Combinationals ; LC Registers ; Block Memory Bits ; DSP Blocks ; Pins ; Virtual Pins ; Full Hierarchy Name                     ; Entity Name ; Library Name ;
+----------------------------+-------------------+--------------+-------------------+------------+------+--------------+-----------------------------------------+-------------+--------------+
; |ex7_top                   ; 35 (0)            ; 7 (0)        ; 0                 ; 0          ; 18   ; 0            ; |ex7_top                                ; ex7_top     ; work         ;
;    |bin2bcd_16:DCODER|     ; 13 (0)            ; 0 (0)        ; 0                 ; 0          ; 0    ; 0            ; |ex7_top|bin2bcd_16:DCODER              ; bin2bcd_16  ; work         ;
;       |add3_ge5:A22|       ; 1 (1)             ; 0 (0)        ; 0                 ; 0          ; 0    ; 0            ; |ex7_top|bin2bcd_16:DCODER|add3_ge5:A22 ; add3_ge5    ; work         ;
;       |add3_ge5:A26|       ; 4 (4)             ; 0 (0)        ; 0                 ; 0          ; 0    ; 0            ; |ex7_top|bin2bcd_16:DCODER|add3_ge5:A26 ; add3_ge5    ; work         ;
;       |add3_ge5:A30|       ; 4 (4)             ; 0 (0)        ; 0                 ; 0          ; 0    ; 0            ; |ex7_top|bin2bcd_16:DCODER|add3_ge5:A30 ; add3_ge5    ; work         ;
;       |add3_ge5:A35|       ; 4 (4)             ; 0 (0)        ; 0                 ; 0          ; 0    ; 0            ; |ex7_top|bin2bcd_16:DCODER|add3_ge5:A35 ; add3_ge5    ; work         ;
;    |hex_to_7seg:SEG0|      ; 7 (7)             ; 0 (0)        ; 0                 ; 0          ; 0    ; 0            ; |ex7_top|hex_to_7seg:SEG0               ; hex_to_7seg ; work         ;
;    |hex_to_7seg:SEG1|      ; 13 (13)           ; 0 (0)        ; 0                 ; 0          ; 0    ; 0            ; |ex7_top|hex_to_7seg:SEG1               ; hex_to_7seg ; work         ;
;    |lfsr7:SEQGEN|          ; 2 (2)             ; 7 (7)        ; 0                 ; 0          ; 0    ; 0            ; |ex7_top|lfsr7:SEQGEN                   ; lfsr7       ; work         ;
+----------------------------+-------------------+--------------+-------------------+------------+------+--------------+-----------------------------------------+-------------+--------------+
Note: For table entries with two numbers listed, the numbers in parentheses indicate the number of resources of the given type used by the specific entity alone. The numbers listed outside of parentheses indicate the total resources of the given type used by the specific entity and all of its sub-entities in the hierarchy.


+------------------------------------------------------+
; General Register Statistics                          ;
+----------------------------------------------+-------+
; Statistic                                    ; Value ;
+----------------------------------------------+-------+
; Total registers                              ; 7     ;
; Number of registers using Synchronous Clear  ; 0     ;
; Number of registers using Synchronous Load   ; 0     ;
; Number of registers using Asynchronous Clear ; 0     ;
; Number of registers using Asynchronous Load  ; 0     ;
; Number of registers using Clock Enable       ; 0     ;
; Number of registers using Preset             ; 0     ;
+----------------------------------------------+-------+


+--------------------------------------------------+
; Inverted Register Statistics                     ;
+----------------------------------------+---------+
; Inverted Register                      ; Fan out ;
+----------------------------------------+---------+
; lfsr7:SEQGEN|sreg[0]                   ; 9       ;
; Total number of inverted registers = 1 ;         ;
+----------------------------------------+---------+


+-----------------------------------------------------------------------------------------------------------------+
; Port Connectivity Checks: "bin2bcd_16:DCODER|add3_ge5:A31"                                                      ;
+-------+--------+----------+-------------------------------------------------------------------------------------+
; Port  ; Type   ; Severity ; Details                                                                             ;
+-------+--------+----------+-------------------------------------------------------------------------------------+
; iW[3] ; Input  ; Info     ; Stuck at GND                                                                        ;
; oA[3] ; Output ; Info     ; Connected to dangling logic. Logic that only feeds a dangling port will be removed. ;
+-------+--------+----------+-------------------------------------------------------------------------------------+


+------------------------------------------------------------+
; Port Connectivity Checks: "bin2bcd_16:DCODER|add3_ge5:A19" ;
+-------+-------+----------+---------------------------------+
; Port  ; Type  ; Severity ; Details                         ;
+-------+-------+----------+---------------------------------+
; iW[3] ; Input ; Info     ; Stuck at GND                    ;
+-------+-------+----------+---------------------------------+


+------------------------------------------------------------+
; Port Connectivity Checks: "bin2bcd_16:DCODER|add3_ge5:A10" ;
+-------+-------+----------+---------------------------------+
; Port  ; Type  ; Severity ; Details                         ;
+-------+-------+----------+---------------------------------+
; iW[3] ; Input ; Info     ; Stuck at GND                    ;
+-------+-------+----------+---------------------------------+


+-----------------------------------------------------------+
; Port Connectivity Checks: "bin2bcd_16:DCODER|add3_ge5:A4" ;
+-------+-------+----------+--------------------------------+
; Port  ; Type  ; Severity ; Details                        ;
+-------+-------+----------+--------------------------------+
; iW[3] ; Input ; Info     ; Stuck at GND                   ;
+-------+-------+----------+--------------------------------+


+-----------------------------------------------------------+
; Port Connectivity Checks: "bin2bcd_16:DCODER|add3_ge5:A1" ;
+-------+-------+----------+--------------------------------+
; Port  ; Type  ; Severity ; Details                        ;
+-------+-------+----------+--------------------------------+
; iW[3] ; Input ; Info     ; Stuck at GND                   ;
+-------+-------+----------+--------------------------------+


+-------------------------------------------------------------------------------------------------------------------------------------------------------------------------+
; Port Connectivity Checks: "bin2bcd_16:DCODER"                                                                                                                           ;
+-------+--------+----------+---------------------------------------------------------------------------------------------------------------------------------------------+
; Port  ; Type   ; Severity ; Details                                                                                                                                     ;
+-------+--------+----------+---------------------------------------------------------------------------------------------------------------------------------------------+
; B     ; Input  ; Warning  ; Input port expression (7 bits) is smaller than the input port (16 bits) it drives.  Extra input bit(s) "B[15..7]" will be connected to GND. ;
; BCD_2 ; Output ; Info     ; Connected to dangling logic. Logic that only feeds a dangling port will be removed.                                                         ;
; BCD_3 ; Output ; Info     ; Connected to dangling logic. Logic that only feeds a dangling port will be removed.                                                         ;
; BCD_4 ; Output ; Info     ; Connected to dangling logic. Logic that only feeds a dangling port will be removed.                                                         ;
+-------+--------+----------+---------------------------------------------------------------------------------------------------------------------------------------------+


+-----------------------------------------------------+
; Post-Synthesis Netlist Statistics for Top Partition ;
+-----------------------+-----------------------------+
; Type                  ; Count                       ;
+-----------------------+-----------------------------+
; arriav_ff             ; 7                           ;
;     plain             ; 7                           ;
; arriav_lcell_comb     ; 37                          ;
;     normal            ; 37                          ;
;         1 data inputs ; 3                           ;
;         2 data inputs ; 2                           ;
;         3 data inputs ; 1                           ;
;         4 data inputs ; 28                          ;
;         5 data inputs ; 1                           ;
;         6 data inputs ; 2                           ;
; boundary_port         ; 18                          ;
;                       ;                             ;
; Max LUT depth         ; 6.00                        ;
; Average LUT depth     ; 4.73                        ;
+-----------------------+-----------------------------+


+-------------------------------+
; Elapsed Time Per Partition    ;
+----------------+--------------+
; Partition Name ; Elapsed Time ;
+----------------+--------------+
; Top            ; 00:00:00     ;
+----------------+--------------+


+-------------------------------+
; Analysis & Synthesis Messages ;
+-------------------------------+
Info: *******************************************************************
Info: Running Quartus Prime Analysis & Synthesis
    Info: Version 16.0.0 Build 211 04/27/2016 SJ Standard Edition
    Info: Processing started: Fri Nov 25 11:23:57 2016
Info: Command: quartus_map --read_settings_files=on --write_settings_files=off ex7 -c ex7_top
Warning (18236): Number of processors has not been specified which may cause overloading on shared machines.  Set the global assignment NUM_PARALLEL_PROCESSORS in your QSF to an appropriate value for best performance.
Info (20030): Parallel compilation is enabled and will use 4 of the 4 processors detected
Info (12021): Found 1 design units, including 1 entities, in source file /users/gsp14/documents/veri_eie2/part_2/mylib/hex_to_7seg.v
    Info (12023): Found entity 1: hex_to_7seg File: C:/Users/gsp14/Documents/VERI_EIE2/part_2/mylib/hex_to_7seg.v Line: 1
Info (12021): Found 1 design units, including 1 entities, in source file /users/gsp14/documents/veri_eie2/part_2/mylib/bin2bcd_16.v
    Info (12023): Found entity 1: bin2bcd_16 File: C:/Users/gsp14/Documents/VERI_EIE2/part_2/mylib/bin2bcd_16.v Line: 12
Info (12021): Found 1 design units, including 1 entities, in source file /users/gsp14/documents/veri_eie2/part_2/mylib/add3_ge5.v
    Info (12023): Found entity 1: add3_ge5 File: C:/Users/gsp14/Documents/VERI_EIE2/part_2/mylib/add3_ge5.v Line: 9
Info (12021): Found 1 design units, including 1 entities, in source file ex7_top.v
    Info (12023): Found entity 1: ex7_top File: C:/Users/gsp14/Documents/VERI_EIE2/part_2/ex_7/ex7_top.v Line: 1
Info (12021): Found 1 design units, including 1 entities, in source file lfsr7.v
    Info (12023): Found entity 1: lfsr7 File: C:/Users/gsp14/Documents/VERI_EIE2/part_2/ex_7/lfsr7.v Line: 3
Info (12127): Elaborating entity "ex7_top" for the top level hierarchy
Info (12128): Elaborating entity "lfsr7" for hierarchy "lfsr7:SEQGEN" File: C:/Users/gsp14/Documents/VERI_EIE2/part_2/ex_7/ex7_top.v Line: 11
Info (12128): Elaborating entity "bin2bcd_16" for hierarchy "bin2bcd_16:DCODER" File: C:/Users/gsp14/Documents/VERI_EIE2/part_2/ex_7/ex7_top.v Line: 13
Info (12128): Elaborating entity "add3_ge5" for hierarchy "bin2bcd_16:DCODER|add3_ge5:A1" File: C:/Users/gsp14/Documents/VERI_EIE2/part_2/mylib/bin2bcd_16.v Line: 26
Info (12128): Elaborating entity "hex_to_7seg" for hierarchy "hex_to_7seg:SEG0" File: C:/Users/gsp14/Documents/VERI_EIE2/part_2/ex_7/ex7_top.v Line: 15
Warning (12241): 1 hierarchies have connectivity warnings - see the Connectivity Checks report folder
Info (286030): Timing-Driven Synthesis is running
Info (144001): Generated suppressed messages file C:/Users/gsp14/Documents/VERI_EIE2/part_2/ex_7/output_files/ex7_top.map.smsg
Info (16010): Generating hard_block partition "hard_block:auto_generated_inst"
    Info (16011): Adding 0 node(s), including 0 DDIO, 0 PLL, 0 transceiver and 0 LCELL
Warning (21074): Design contains 3 input pin(s) that do not drive logic
    Warning (15610): No output dependent on input pin "KEY[0]" File: C:/Users/gsp14/Documents/VERI_EIE2/part_2/ex_7/ex7_top.v Line: 5
    Warning (15610): No output dependent on input pin "KEY[1]" File: C:/Users/gsp14/Documents/VERI_EIE2/part_2/ex_7/ex7_top.v Line: 5
    Warning (15610): No output dependent on input pin "KEY[2]" File: C:/Users/gsp14/Documents/VERI_EIE2/part_2/ex_7/ex7_top.v Line: 5
Info (21057): Implemented 58 device resources after synthesis - the final resource count might be different
    Info (21058): Implemented 4 input pins
    Info (21059): Implemented 14 output pins
    Info (21061): Implemented 40 logic cells
Info: Quartus Prime Analysis & Synthesis was successful. 0 errors, 6 warnings
    Info: Peak virtual memory: 895 megabytes
    Info: Processing ended: Fri Nov 25 11:24:07 2016
    Info: Elapsed time: 00:00:10
    Info: Total CPU time (on all processors): 00:00:22


+------------------------------------------+
; Analysis & Synthesis Suppressed Messages ;
+------------------------------------------+
The suppressed messages can be found in C:/Users/gsp14/Documents/VERI_EIE2/part_2/ex_7/output_files/ex7_top.map.smsg.


